{
	"$id": "http://example.com/schema",
	"$schema": "http://json-schema.org/draft-07/schema#",
	"additionalProperties": true,
	"properties": {
		"age": {
			"description": "Your age. Required.",
			"type": "number"
		},
		"name": {
			"default": "world",
			"description": "Your name.",
			"type": "string"
		}
	},
	"required": [
		"age"
	],
	"title": "Example Schema",
	"type": "object"
}
