{
	"$id": "http://example.com/schema",
	"$schema": "http://json-schema.org/draft-07/schema#",
	"additionalProperties": true,
	"properties": {},
	"required": [],
	"title": "Example Schema",
	"type": "object"
}
